Archive member included because of file (symbol)

/usr/lib/x86_64-linux-gnu/libc_nonshared.a(elf-init.oS)
                              /usr/lib/gcc/x86_64-linux-gnu/4.7/../../../x86_64-linux-gnu/crt1.o (__libc_csu_fini)

Discarded input sections

 .note.GNU-stack
                0x0000000000000000        0x0 /usr/lib/gcc/x86_64-linux-gnu/4.7/../../../x86_64-linux-gnu/crt1.o
 .gnu_debuglink
                0x0000000000000000        0xc /usr/lib/gcc/x86_64-linux-gnu/4.7/../../../x86_64-linux-gnu/crt1.o
 .note.GNU-stack
                0x0000000000000000        0x0 /usr/lib/gcc/x86_64-linux-gnu/4.7/../../../x86_64-linux-gnu/crti.o
 .gnu_debuglink
                0x0000000000000000        0xc /usr/lib/gcc/x86_64-linux-gnu/4.7/../../../x86_64-linux-gnu/crti.o
 .note.GNU-stack
                0x0000000000000000        0x0 /usr/lib/gcc/x86_64-linux-gnu/4.7/crtbegin.o
 .note.GNU-stack
                0x0000000000000000        0x0 aes.o
 .note.GNU-stack
                0x0000000000000000        0x0 test.o
 .note.GNU-stack
                0x0000000000000000        0x0 /usr/lib/x86_64-linux-gnu/libc_nonshared.a(elf-init.oS)
 .note.GNU-stack
                0x0000000000000000        0x0 /usr/lib/gcc/x86_64-linux-gnu/4.7/crtend.o
 .note.GNU-stack
                0x0000000000000000        0x0 /usr/lib/gcc/x86_64-linux-gnu/4.7/../../../x86_64-linux-gnu/crtn.o
 .gnu_debuglink
                0x0000000000000000        0xc /usr/lib/gcc/x86_64-linux-gnu/4.7/../../../x86_64-linux-gnu/crtn.o

Memory Configuration

Name             Origin             Length             Attributes
*default*        0x0000000000000000 0xffffffffffffffff

Linker script and memory map

LOAD /usr/lib/gcc/x86_64-linux-gnu/4.7/../../../x86_64-linux-gnu/crt1.o
LOAD /usr/lib/gcc/x86_64-linux-gnu/4.7/../../../x86_64-linux-gnu/crti.o
LOAD /usr/lib/gcc/x86_64-linux-gnu/4.7/crtbegin.o
LOAD aes.o
LOAD test.o
LOAD /usr/lib/gcc/x86_64-linux-gnu/4.7/libgcc.a
LOAD /usr/lib/gcc/x86_64-linux-gnu/4.7/libgcc_s.so
LOAD /usr/lib/gcc/x86_64-linux-gnu/4.7/../../../x86_64-linux-gnu/libc.so
START GROUP
LOAD /lib/x86_64-linux-gnu/libc.so.6
LOAD /usr/lib/x86_64-linux-gnu/libc_nonshared.a
LOAD /lib/x86_64-linux-gnu/ld-linux-x86-64.so.2
END GROUP
LOAD /usr/lib/gcc/x86_64-linux-gnu/4.7/libgcc.a
LOAD /usr/lib/gcc/x86_64-linux-gnu/4.7/libgcc_s.so
LOAD /usr/lib/gcc/x86_64-linux-gnu/4.7/crtend.o
LOAD /usr/lib/gcc/x86_64-linux-gnu/4.7/../../../x86_64-linux-gnu/crtn.o
                0x0000000000400000                PROVIDE (__executable_start, 0x400000)
                0x0000000000400200                . = (0x400000 + SIZEOF_HEADERS)

.interp         0x0000000000400200       0x1c
 *(.interp)
 .interp        0x0000000000400200       0x1c /usr/lib/gcc/x86_64-linux-gnu/4.7/../../../x86_64-linux-gnu/crt1.o

.note.ABI-tag   0x000000000040021c       0x20
 .note.ABI-tag  0x000000000040021c       0x20 /usr/lib/gcc/x86_64-linux-gnu/4.7/../../../x86_64-linux-gnu/crt1.o

.note.gnu.build-id
                0x000000000040023c       0x24
 *(.note.gnu.build-id)
 .note.gnu.build-id
                0x000000000040023c       0x24 /usr/lib/gcc/x86_64-linux-gnu/4.7/../../../x86_64-linux-gnu/crt1.o

.hash           0x0000000000400260       0x30
 *(.hash)
 .hash          0x0000000000400260       0x30 /usr/lib/gcc/x86_64-linux-gnu/4.7/../../../x86_64-linux-gnu/crt1.o

.gnu.hash       0x0000000000400290       0x1c
 *(.gnu.hash)
 .gnu.hash      0x0000000000400290       0x1c /usr/lib/gcc/x86_64-linux-gnu/4.7/../../../x86_64-linux-gnu/crt1.o

.dynsym         0x00000000004002b0       0xa8
 *(.dynsym)
 .dynsym        0x00000000004002b0       0xa8 /usr/lib/gcc/x86_64-linux-gnu/4.7/../../../x86_64-linux-gnu/crt1.o

.dynstr         0x0000000000400358       0x54
 *(.dynstr)
 .dynstr        0x0000000000400358       0x54 /usr/lib/gcc/x86_64-linux-gnu/4.7/../../../x86_64-linux-gnu/crt1.o

.gnu.version    0x00000000004003ac        0xe
 *(.gnu.version)
 .gnu.version   0x00000000004003ac        0xe /usr/lib/gcc/x86_64-linux-gnu/4.7/../../../x86_64-linux-gnu/crt1.o

.gnu.version_d  0x00000000004003c0        0x0
 *(.gnu.version_d)
 .gnu.version_d
                0x0000000000000000        0x0 /usr/lib/gcc/x86_64-linux-gnu/4.7/../../../x86_64-linux-gnu/crt1.o

.gnu.version_r  0x00000000004003c0       0x20
 *(.gnu.version_r)
 .gnu.version_r
                0x00000000004003c0       0x20 /usr/lib/gcc/x86_64-linux-gnu/4.7/../../../x86_64-linux-gnu/crt1.o

.rela.dyn       0x00000000004003e0       0x18
 *(.rela.init)
 *(.rela.text .rela.text.* .rela.gnu.linkonce.t.*)
 .rela.text     0x0000000000000000        0x0 /usr/lib/gcc/x86_64-linux-gnu/4.7/../../../x86_64-linux-gnu/crt1.o
 .rela.text.startup
                0x0000000000000000        0x0 /usr/lib/gcc/x86_64-linux-gnu/4.7/../../../x86_64-linux-gnu/crt1.o
 *(.rela.fini)
 *(.rela.rodata .rela.rodata.* .rela.gnu.linkonce.r.*)
 *(.rela.data .rela.data.* .rela.gnu.linkonce.d.*)
 *(.rela.tdata .rela.tdata.* .rela.gnu.linkonce.td.*)
 *(.rela.tbss .rela.tbss.* .rela.gnu.linkonce.tb.*)
 *(.rela.ctors)
 *(.rela.dtors)
 *(.rela.got)
 .rela.got      0x00000000004003e0       0x18 /usr/lib/gcc/x86_64-linux-gnu/4.7/../../../x86_64-linux-gnu/crt1.o
 *(.rela.bss .rela.bss.* .rela.gnu.linkonce.b.*)
 .rela.bss      0x0000000000000000        0x0 /usr/lib/gcc/x86_64-linux-gnu/4.7/../../../x86_64-linux-gnu/crt1.o
 *(.rela.ldata .rela.ldata.* .rela.gnu.linkonce.l.*)
 *(.rela.lbss .rela.lbss.* .rela.gnu.linkonce.lb.*)
 *(.rela.lrodata .rela.lrodata.* .rela.gnu.linkonce.lr.*)
 *(.rela.ifunc)

.rela.plt       0x00000000004003f8       0x78
 *(.rela.plt)
 .rela.plt      0x00000000004003f8       0x78 /usr/lib/gcc/x86_64-linux-gnu/4.7/../../../x86_64-linux-gnu/crt1.o
                0x0000000000400470                PROVIDE (__rela_iplt_start, .)
 *(.rela.iplt)
 .rela.iplt     0x0000000000000000        0x0 /usr/lib/gcc/x86_64-linux-gnu/4.7/../../../x86_64-linux-gnu/crt1.o
                0x0000000000400470                PROVIDE (__rela_iplt_end, .)

.init           0x0000000000400470        0xe
 *(.init)
 .init          0x0000000000400470        0x9 /usr/lib/gcc/x86_64-linux-gnu/4.7/../../../x86_64-linux-gnu/crti.o
                0x0000000000400470                _init
 .init          0x0000000000400479        0x5 /usr/lib/gcc/x86_64-linux-gnu/4.7/../../../x86_64-linux-gnu/crtn.o

.plt            0x0000000000400480       0x60
 *(.plt)
 .plt           0x0000000000400480       0x60 /usr/lib/gcc/x86_64-linux-gnu/4.7/../../../x86_64-linux-gnu/crt1.o
                0x0000000000400490                putchar@@GLIBC_2.2.5
                0x00000000004004a0                strncmp@@GLIBC_2.2.5
                0x00000000004004b0                puts@@GLIBC_2.2.5
                0x00000000004004c0                printf@@GLIBC_2.2.5
                0x00000000004004d0                __libc_start_main@@GLIBC_2.2.5
 *(.iplt)
 .iplt          0x0000000000000000        0x0 /usr/lib/gcc/x86_64-linux-gnu/4.7/../../../x86_64-linux-gnu/crt1.o

.text           0x00000000004004e0      0xf6c
 *(.text.unlikely .text.*_unlikely)
 *(.text.exit .text.exit.*)
 *(.text.startup .text.startup.*)
 .text.startup  0x00000000004004e0      0x63d test.o
                0x00000000004004e0                main
 *(.text.hot .text.hot.*)
 *(.text .stub .text.* .gnu.linkonce.t.*)
 *fill*         0x0000000000400b1d        0x3 90909090
 .text          0x0000000000400b20       0x2c /usr/lib/gcc/x86_64-linux-gnu/4.7/../../../x86_64-linux-gnu/crt1.o
                0x0000000000400b20                _start
 .text          0x0000000000400b4c       0x17 /usr/lib/gcc/x86_64-linux-gnu/4.7/../../../x86_64-linux-gnu/crti.o
 *fill*         0x0000000000400b63        0xd 90909090
 .text          0x0000000000400b70       0xba /usr/lib/gcc/x86_64-linux-gnu/4.7/crtbegin.o
 *fill*         0x0000000000400c2a        0x2 90909090
 .text          0x0000000000400c2c      0x752 aes.o
                0x000000000040115b                AES128_ECB_encrypt
                0x0000000000401188                AES128_ECB_decrypt
                0x00000000004011b5                AES128_CBC_encrypt_buffer
                0x0000000000401297                AES128_CBC_decrypt_buffer
 *fill*         0x000000000040137e        0x2 90909090
 .text          0x0000000000401380       0x2f test.o
 *fill*         0x00000000004013af        0x1 90909090
 .text          0x00000000004013b0       0x99 /usr/lib/x86_64-linux-gnu/libc_nonshared.a(elf-init.oS)
                0x00000000004013b0                __libc_csu_fini
                0x00000000004013c0                __libc_csu_init
 *fill*         0x0000000000401449        0x3 90909090
 .text          0x000000000040144c        0x0 /usr/lib/gcc/x86_64-linux-gnu/4.7/crtend.o
 .text          0x000000000040144c        0x0 /usr/lib/gcc/x86_64-linux-gnu/4.7/../../../x86_64-linux-gnu/crtn.o
 *(.gnu.warning)

.fini           0x000000000040144c        0x9
 *(.fini)
 .fini          0x000000000040144c        0x4 /usr/lib/gcc/x86_64-linux-gnu/4.7/../../../x86_64-linux-gnu/crti.o
                0x000000000040144c                _fini
 .fini          0x0000000000401450        0x5 /usr/lib/gcc/x86_64-linux-gnu/4.7/../../../x86_64-linux-gnu/crtn.o
                0x0000000000401455                PROVIDE (__etext, .)
                0x0000000000401455                PROVIDE (_etext, .)
                0x0000000000401455                PROVIDE (etext, .)

.rodata         0x0000000000401460      0x410
 *(.rodata .rodata.* .gnu.linkonce.r.*)
 .rodata.cst4   0x0000000000401460        0x4 /usr/lib/gcc/x86_64-linux-gnu/4.7/../../../x86_64-linux-gnu/crt1.o
                0x0000000000401460                _IO_stdin_used
 *fill*         0x0000000000401464        0xc 00
 .rodata        0x0000000000401470      0x300 aes.o
 .rodata.str1.1
                0x0000000000401770       0x74 test.o
 *fill*         0x00000000004017e4        0xc 00
 .rodata        0x00000000004017f0       0x80 test.o

.rodata1
 *(.rodata1)

.eh_frame_hdr   0x0000000000401870       0xac
 *(.eh_frame_hdr)
 .eh_frame_hdr  0x0000000000401870       0xac /usr/lib/gcc/x86_64-linux-gnu/4.7/../../../x86_64-linux-gnu/crt1.o

.eh_frame       0x0000000000401920      0x374
 *(.eh_frame)
 .eh_frame      0x0000000000401920       0x40 /usr/lib/gcc/x86_64-linux-gnu/4.7/../../../x86_64-linux-gnu/crt1.o
 .eh_frame      0x0000000000401960      0x280 aes.o
                                        0x268 (size before relaxing)
 .eh_frame      0x0000000000401be0       0x70 test.o
                                         0x88 (size before relaxing)
 .eh_frame      0x0000000000401c50       0x40 /usr/lib/x86_64-linux-gnu/libc_nonshared.a(elf-init.oS)
                                         0x50 (size before relaxing)
 .eh_frame      0x0000000000401c90        0x4 /usr/lib/gcc/x86_64-linux-gnu/4.7/crtend.o

.gcc_except_table
 *(.gcc_except_table .gcc_except_table.*)

.exception_ranges
 *(.exception_ranges .exception_ranges*)
                0x0000000000401c94                . = (ALIGN (0x200000) - ((0x200000 - .) & 0x1fffff))
                0x0000000000601c94                . = DATA_SEGMENT_ALIGN (0x200000, 0x1000)

.eh_frame
 *(.eh_frame)

.gcc_except_table
 *(.gcc_except_table .gcc_except_table.*)

.exception_ranges
 *(.exception_ranges .exception_ranges*)

.tdata
 *(.tdata .tdata.* .gnu.linkonce.td.*)

.tbss
 *(.tbss .tbss.* .gnu.linkonce.tb.*)
 *(.tcommon)

.preinit_array  0x0000000000601c94        0x0
                0x0000000000601c94                PROVIDE (__preinit_array_start, .)
 *(.preinit_array)
                0x0000000000601c94                PROVIDE (__preinit_array_end, .)

.init_array     0x0000000000601c98        0x8
                0x0000000000601c98                PROVIDE (__init_array_start, .)
 *(SORT(.init_array.*) SORT(.ctors.*))
 *(.init_array)
 .init_array    0x0000000000601c98        0x8 /usr/lib/gcc/x86_64-linux-gnu/4.7/crtbegin.o
 *(EXCLUDE_FILE(*crtend?.o *crtend.o *crtbegin?.o *crtbegin.o) .ctors)
                0x0000000000601ca0                PROVIDE (__init_array_end, .)

.fini_array     0x0000000000601ca0        0x8
                0x0000000000601ca0                PROVIDE (__fini_array_start, .)
 *(SORT(.fini_array.*) SORT(.dtors.*))
 *(.fini_array)
 .fini_array    0x0000000000601ca0        0x8 /usr/lib/gcc/x86_64-linux-gnu/4.7/crtbegin.o
 *(EXCLUDE_FILE(*crtend?.o *crtend.o *crtbegin?.o *crtbegin.o) .dtors)
                0x0000000000601ca8                PROVIDE (__fini_array_end, .)

.ctors
 *crtbegin.o(.ctors)
 *crtbegin?.o(.ctors)
 *(EXCLUDE_FILE(*crtend?.o *crtend.o) .ctors)
 *(SORT(.ctors.*))
 *(.ctors)

.dtors
 *crtbegin.o(.dtors)
 *crtbegin?.o(.dtors)
 *(EXCLUDE_FILE(*crtend?.o *crtend.o) .dtors)
 *(SORT(.dtors.*))
 *(.dtors)

.jcr            0x0000000000601ca8        0x8
 *(.jcr)
 .jcr           0x0000000000601ca8        0x0 /usr/lib/gcc/x86_64-linux-gnu/4.7/crtbegin.o
 .jcr           0x0000000000601ca8        0x8 /usr/lib/gcc/x86_64-linux-gnu/4.7/crtend.o

.data.rel.ro
 *(.data.rel.ro.local* .gnu.linkonce.d.rel.ro.local.*)
 *(.data.rel.ro* .gnu.linkonce.d.rel.ro.*)

.dynamic        0x0000000000601cb0      0x1e0
 *(.dynamic)
 .dynamic       0x0000000000601cb0      0x1e0 /usr/lib/gcc/x86_64-linux-gnu/4.7/../../../x86_64-linux-gnu/crt1.o
                0x0000000000601cb0                _DYNAMIC

.got            0x0000000000601e90        0x8
 *(.got)
 .got           0x0000000000601e90        0x8 /usr/lib/gcc/x86_64-linux-gnu/4.7/../../../x86_64-linux-gnu/crt1.o
 *(.igot)
                0x0000000000601e98                . = DATA_SEGMENT_RELRO_END (., 0x18)

.got.plt        0x0000000000601e98       0x40
 *(.got.plt)
 .got.plt       0x0000000000601e98       0x40 /usr/lib/gcc/x86_64-linux-gnu/4.7/../../../x86_64-linux-gnu/crt1.o
                0x0000000000601e98                _GLOBAL_OFFSET_TABLE_
 *(.igot.plt)
 .igot.plt      0x0000000000000000        0x0 /usr/lib/gcc/x86_64-linux-gnu/4.7/../../../x86_64-linux-gnu/crt1.o

.data           0x0000000000601ed8       0x10
 *(.data .data.* .gnu.linkonce.d.*)
 .data          0x0000000000601ed8        0x4 /usr/lib/gcc/x86_64-linux-gnu/4.7/../../../x86_64-linux-gnu/crt1.o
                0x0000000000601ed8                data_start
                0x0000000000601ed8                __data_start
 .data          0x0000000000601edc        0x0 /usr/lib/gcc/x86_64-linux-gnu/4.7/../../../x86_64-linux-gnu/crti.o
 *fill*         0x0000000000601edc        0x4 00
 .data          0x0000000000601ee0        0x8 /usr/lib/gcc/x86_64-linux-gnu/4.7/crtbegin.o
                0x0000000000601ee0                __dso_handle
 .data          0x0000000000601ee8        0x0 aes.o
 .data          0x0000000000601ee8        0x0 test.o
 .data          0x0000000000601ee8        0x0 /usr/lib/x86_64-linux-gnu/libc_nonshared.a(elf-init.oS)
 .data          0x0000000000601ee8        0x0 /usr/lib/gcc/x86_64-linux-gnu/4.7/crtend.o
 .data          0x0000000000601ee8        0x0 /usr/lib/gcc/x86_64-linux-gnu/4.7/../../../x86_64-linux-gnu/crtn.o

.tm_clone_table
                0x0000000000601ee8        0x0
 .tm_clone_table
                0x0000000000601ee8        0x0 /usr/lib/gcc/x86_64-linux-gnu/4.7/crtbegin.o
 .tm_clone_table
                0x0000000000601ee8        0x0 /usr/lib/gcc/x86_64-linux-gnu/4.7/crtend.o

.data1
 *(.data1)
                0x0000000000601ee8                _edata = .
                0x0000000000601ee8                PROVIDE (edata, .)
                0x0000000000601ee8                __bss_start = .

.bss            0x0000000000601ef0       0xd8
 *(.dynbss)
 .dynbss        0x0000000000000000        0x0 /usr/lib/gcc/x86_64-linux-gnu/4.7/../../../x86_64-linux-gnu/crt1.o
 *(.bss .bss.* .gnu.linkonce.b.*)
 .bss           0x0000000000601ef0        0x0 /usr/lib/gcc/x86_64-linux-gnu/4.7/../../../x86_64-linux-gnu/crt1.o
 .bss           0x0000000000601ef0        0x0 /usr/lib/gcc/x86_64-linux-gnu/4.7/../../../x86_64-linux-gnu/crti.o
 .bss           0x0000000000601ef0        0x1 /usr/lib/gcc/x86_64-linux-gnu/4.7/crtbegin.o
 *fill*         0x0000000000601ef1        0xf 00
 .bss           0x0000000000601f00       0xc8 aes.o
 .bss           0x0000000000601fc8        0x0 test.o
 .bss           0x0000000000601fc8        0x0 /usr/lib/x86_64-linux-gnu/libc_nonshared.a(elf-init.oS)
 .bss           0x0000000000601fc8        0x0 /usr/lib/gcc/x86_64-linux-gnu/4.7/crtend.o
 .bss           0x0000000000601fc8        0x0 /usr/lib/gcc/x86_64-linux-gnu/4.7/../../../x86_64-linux-gnu/crtn.o
 *(COMMON)
                0x0000000000601fc8                . = ALIGN ((. != 0x0)?0x8:0x1)

.lbss
 *(.dynlbss)
 *(.lbss .lbss.* .gnu.linkonce.lb.*)
 *(LARGE_COMMON)
                0x0000000000601fc8                . = ALIGN (0x8)

.lrodata
 *(.lrodata .lrodata.* .gnu.linkonce.lr.*)

.ldata          0x0000000000a01fc8        0x0
 *(.ldata .ldata.* .gnu.linkonce.l.*)
                0x0000000000a01fc8                . = ALIGN ((. != 0x0)?0x8:0x1)
                0x0000000000a01fc8                . = ALIGN (0x8)
                0x0000000000a01fc8                _end = .
                0x0000000000a01fc8                PROVIDE (end, .)
                0x0000000000a01fc8                . = DATA_SEGMENT_END (.)

.stab
 *(.stab)

.stabstr
 *(.stabstr)

.stab.excl
 *(.stab.excl)

.stab.exclstr
 *(.stab.exclstr)

.stab.index
 *(.stab.index)

.stab.indexstr
 *(.stab.indexstr)

.comment        0x0000000000000000       0x38
 *(.comment)
 .comment       0x0000000000000000       0x1c /usr/lib/gcc/x86_64-linux-gnu/4.7/crtbegin.o
                                         0x1d (size before relaxing)
 .comment       0x0000000000000000       0x1d aes.o
 .comment       0x0000000000000000       0x1d test.o
 .comment       0x000000000000001c       0x1c /usr/lib/x86_64-linux-gnu/libc_nonshared.a(elf-init.oS)
                                         0x1d (size before relaxing)
 .comment       0x0000000000000000       0x1d /usr/lib/gcc/x86_64-linux-gnu/4.7/crtend.o

.debug
 *(.debug)

.line
 *(.line)

.debug_srcinfo
 *(.debug_srcinfo)

.debug_sfnames
 *(.debug_sfnames)

.debug_aranges
 *(.debug_aranges)

.debug_pubnames
 *(.debug_pubnames)

.debug_info
 *(.debug_info .gnu.linkonce.wi.*)

.debug_abbrev
 *(.debug_abbrev)

.debug_line
 *(.debug_line)

.debug_frame
 *(.debug_frame)

.debug_str
 *(.debug_str)

.debug_loc
 *(.debug_loc)

.debug_macinfo
 *(.debug_macinfo)

.debug_weaknames
 *(.debug_weaknames)

.debug_funcnames
 *(.debug_funcnames)

.debug_typenames
 *(.debug_typenames)

.debug_varnames
 *(.debug_varnames)

.debug_pubtypes
 *(.debug_pubtypes)

.debug_ranges
 *(.debug_ranges)

.gnu.attributes
 *(.gnu.attributes)

/DISCARD/
 *(.note.GNU-stack)
 *(.gnu_debuglink)
 *(.gnu.lto_*)
OUTPUT(test.out elf64-x86-64)
